// Jest Snapshot v1, https://goo.gl/fbAQLP

exports[`<AccountCard /> renders correctly 1`] = `
<DocumentFragment>
  <article
    data-testid="statement"
  >
    <h2>
      Conta corrente
    </h2>
    <p>
      Consulte entradas e sa√≠das pelo seu estrato.
    </p>
    <a
      href="/statement"
    >
      Ver estrato
    </a>
  </article>
</DocumentFragment>
`;
