// Jest Snapshot v1, https://goo.gl/fbAQLP

exports[`<Statement /> renders correctly 1`] = `
<DocumentFragment>
  <h1>
    Statement
  </h1>
</DocumentFragment>
`;
